[INFO] Scanning for projects...
[INFO] Inspecting build with total of 1 modules...
[INFO] Installing Nexus Staging features:
[INFO]   ... total of 1 executions of maven-deploy-plugin replaced with nexus-staging-maven-plugin
[INFO] 
[INFO] -----------------------< sh.nerd:async-process >------------------------
[INFO] Building Async Process 0.7-SNAPSHOT
[INFO] --------------------------------[ jar ]---------------------------------
[INFO] ------------------------------------------------------------------------
[INFO] BUILD SUCCESS
[INFO] ------------------------------------------------------------------------
[INFO] Total time:  0.674 s
[INFO] Finished at: 2020-12-29T01:17:49+01:00
[INFO] ------------------------------------------------------------------------
